hello
about
start
end
about
king
queen
nishop
just
in
time
how
are
you
doing
life 
is
good
when
you
arearounf
tgl
how
about
tell
me
something
aboutwhen
the
sun
shines
bright
onthemountain
after
all this
time
always
soemone
wrote
thissong
befire
you
and 
in
love
always
you